MPLINK 5.08, LINKER
Linker Map File - Created Tue Jun  5 08:55:54 2018

                                 Section Info
                  Section       Type    Address   Location Size(Bytes)
                ---------  ---------  ---------  ---------  ---------
                 RES_VECT       code   0x000000    program   0x000002
                   .cinit    romdata   0x000001    program   0x000004
                MAIN_PROG       code   0x000003    program   0x000246
                    .code       code   0x000126    program   0x000016
.config_2007_BUILD/DEFAULT/PRODUCTION/SIMONSA       code   0x002007    program   0x000002
                   SeqMem      udata   0x000020       data   0x000025
                  GenVars      udata   0x000070       data   0x00000a
                    timer      udata   0x00007a       data   0x000003



                              Program Memory Usage 
                               Start         End      
                           ---------   ---------      
                            0x000000    0x000130      
                            0x002007    0x002007      
            306 out of 2310 program addresses used, program memory utilization is 13%



                              Symbols - Sorted by Name
                     Name    Address   Location    Storage File                     
                ---------  ---------  ---------  --------- ---------                
                    START   0x000003    program     static /Users/gabrielmiller/microchipProjects/midrangeAsm/SimonSays.X/SimonSays.asm
                  add_seq   0x000040    program     static /Users/gabrielmiller/microchipProjects/midrangeAsm/SimonSays.X/SimonSays.asm
                   blue_t   0x00010a    program     static /Users/gabrielmiller/microchipProjects/midrangeAsm/SimonSays.X/SimonSays.asm
                  blue_up   0x00010e    program     static /Users/gabrielmiller/microchipProjects/midrangeAsm/SimonSays.X/SimonSays.asm
              button_test   0x0000f7    program     static /Users/gabrielmiller/microchipProjects/midrangeAsm/SimonSays.X/SimonSays.asm
                     col0   0x000056    program     static /Users/gabrielmiller/microchipProjects/midrangeAsm/SimonSays.X/SimonSays.asm
                     col1   0x000054    program     static /Users/gabrielmiller/microchipProjects/midrangeAsm/SimonSays.X/SimonSays.asm
                     col2   0x000052    program     static /Users/gabrielmiller/microchipProjects/midrangeAsm/SimonSays.X/SimonSays.asm
                    col_l   0x0000ae    program     static /Users/gabrielmiller/microchipProjects/midrangeAsm/SimonSays.X/SimonSays.asm
                 col_l_ut   0x0000dd    program     static /Users/gabrielmiller/microchipProjects/midrangeAsm/SimonSays.X/SimonSays.asm
                  delay10   0x000126    program     extern /Users/gabrielmiller/microchipProjects/midrangeAsm/SimonSays.X/delay10.asm
                 dis_blue   0x000081    program     static /Users/gabrielmiller/microchipProjects/midrangeAsm/SimonSays.X/SimonSays.asm
                  dis_end   0x000089    program     static /Users/gabrielmiller/microchipProjects/midrangeAsm/SimonSays.X/SimonSays.asm
                dis_green   0x000087    program     static /Users/gabrielmiller/microchipProjects/midrangeAsm/SimonSays.X/SimonSays.asm
                  dis_red   0x00007e    program     static /Users/gabrielmiller/microchipProjects/midrangeAsm/SimonSays.X/SimonSays.asm
               dis_yellow   0x000084    program     static /Users/gabrielmiller/microchipProjects/midrangeAsm/SimonSays.X/SimonSays.asm
            display_light   0x00006d    program     static /Users/gabrielmiller/microchipProjects/midrangeAsm/SimonSays.X/SimonSays.asm
           display_lights   0x00008a    program     static /Users/gabrielmiller/microchipProjects/midrangeAsm/SimonSays.X/SimonSays.asm
                     dly1   0x00012a    program     static /Users/gabrielmiller/microchipProjects/midrangeAsm/SimonSays.X/delay10.asm
                     dly2   0x000127    program     static /Users/gabrielmiller/microchipProjects/midrangeAsm/SimonSays.X/delay10.asm
                  end_col   0x0000bb    program     static /Users/gabrielmiller/microchipProjects/midrangeAsm/SimonSays.X/SimonSays.asm
               end_col_ut   0x0000e7    program     static /Users/gabrielmiller/microchipProjects/midrangeAsm/SimonSays.X/SimonSays.asm
                  end_row   0x0000a6    program     static /Users/gabrielmiller/microchipProjects/midrangeAsm/SimonSays.X/SimonSays.asm
               end_row_ut   0x0000d5    program     static /Users/gabrielmiller/microchipProjects/midrangeAsm/SimonSays.X/SimonSays.asm
                     fail   0x000125    program     static /Users/gabrielmiller/microchipProjects/midrangeAsm/SimonSays.X/SimonSays.asm
                fail_test   0x0000e8    program     static /Users/gabrielmiller/microchipProjects/midrangeAsm/SimonSays.X/SimonSays.asm
                  green_t   0x00011c    program     static /Users/gabrielmiller/microchipProjects/midrangeAsm/SimonSays.X/SimonSays.asm
                 green_up   0x000120    program     static /Users/gabrielmiller/microchipProjects/midrangeAsm/SimonSays.X/SimonSays.asm
                    inc_0   0x00006c    program     static /Users/gabrielmiller/microchipProjects/midrangeAsm/SimonSays.X/SimonSays.asm
                 inc_not0   0x00006b    program     static /Users/gabrielmiller/microchipProjects/midrangeAsm/SimonSays.X/SimonSays.asm
                     loop   0x00002a    program     static /Users/gabrielmiller/microchipProjects/midrangeAsm/SimonSays.X/SimonSays.asm
                main_loop   0x000027    program     static /Users/gabrielmiller/microchipProjects/midrangeAsm/SimonSays.X/SimonSays.asm
                    red_t   0x000101    program     static /Users/gabrielmiller/microchipProjects/midrangeAsm/SimonSays.X/SimonSays.asm
                   red_up   0x000105    program     static /Users/gabrielmiller/microchipProjects/midrangeAsm/SimonSays.X/SimonSays.asm
                    row_l   0x000092    program     static /Users/gabrielmiller/microchipProjects/midrangeAsm/SimonSays.X/SimonSays.asm
                 row_l_ut   0x0000c4    program     static /Users/gabrielmiller/microchipProjects/midrangeAsm/SimonSays.X/SimonSays.asm
                    row_m   0x00005f    program     static /Users/gabrielmiller/microchipProjects/midrangeAsm/SimonSays.X/SimonSays.asm
                row_m_end   0x000062    program     static /Users/gabrielmiller/microchipProjects/midrangeAsm/SimonSays.X/SimonSays.asm
                   rowp_l   0x000096    program     static /Users/gabrielmiller/microchipProjects/midrangeAsm/SimonSays.X/SimonSays.asm
                rowp_l_ut   0x0000c8    program     static /Users/gabrielmiller/microchipProjects/midrangeAsm/SimonSays.X/SimonSays.asm
                  seq_clr   0x000018    program     static /Users/gabrielmiller/microchipProjects/midrangeAsm/SimonSays.X/SimonSays.asm
                  start_b   0x000028    program     static /Users/gabrielmiller/microchipProjects/midrangeAsm/SimonSays.X/SimonSays.asm
               timer_loop   0x0000ec    program     static /Users/gabrielmiller/microchipProjects/midrangeAsm/SimonSays.X/SimonSays.asm
               user_input   0x0000e9    program     static /Users/gabrielmiller/microchipProjects/midrangeAsm/SimonSays.X/SimonSays.asm
                user_test   0x0000bc    program     static /Users/gabrielmiller/microchipProjects/midrangeAsm/SimonSays.X/SimonSays.asm
                    wrong   0x000036    program     static /Users/gabrielmiller/microchipProjects/midrangeAsm/SimonSays.X/SimonSays.asm
                  wrong_b   0x00003a    program     static /Users/gabrielmiller/microchipProjects/midrangeAsm/SimonSays.X/SimonSays.asm
               wrong_b_up   0x00003d    program     static /Users/gabrielmiller/microchipProjects/midrangeAsm/SimonSays.X/SimonSays.asm
                 yellow_t   0x000113    program     static /Users/gabrielmiller/microchipProjects/midrangeAsm/SimonSays.X/SimonSays.asm
                yellow_up   0x000117    program     static /Users/gabrielmiller/microchipProjects/midrangeAsm/SimonSays.X/SimonSays.asm
             column_count   0x000075       data     static /Users/gabrielmiller/microchipProjects/midrangeAsm/SimonSays.X/SimonSays.asm
                  correct   0x000079       data     static /Users/gabrielmiller/microchipProjects/midrangeAsm/SimonSays.X/SimonSays.asm
                  counter   0x000072       data     static /Users/gabrielmiller/microchipProjects/midrangeAsm/SimonSays.X/SimonSays.asm
                 counter2   0x000073       data     static /Users/gabrielmiller/microchipProjects/midrangeAsm/SimonSays.X/SimonSays.asm
                      dc1   0x00007a       data     static /Users/gabrielmiller/microchipProjects/midrangeAsm/SimonSays.X/delay10.asm
                      dc2   0x00007b       data     static /Users/gabrielmiller/microchipProjects/midrangeAsm/SimonSays.X/delay10.asm
                      dc3   0x00007c       data     static /Users/gabrielmiller/microchipProjects/midrangeAsm/SimonSays.X/delay10.asm
                     rand   0x000074       data     static /Users/gabrielmiller/microchipProjects/midrangeAsm/SimonSays.X/SimonSays.asm
                  rot_mem   0x000077       data     static /Users/gabrielmiller/microchipProjects/midrangeAsm/SimonSays.X/SimonSays.asm
                row_count   0x000076       data     static /Users/gabrielmiller/microchipProjects/midrangeAsm/SimonSays.X/SimonSays.asm
                   seqmem   0x000020       data     static /Users/gabrielmiller/microchipProjects/midrangeAsm/SimonSays.X/SimonSays.asm
                sm_column   0x000071       data     static /Users/gabrielmiller/microchipProjects/midrangeAsm/SimonSays.X/SimonSays.asm
                   sm_row   0x000070       data     static /Users/gabrielmiller/microchipProjects/midrangeAsm/SimonSays.X/SimonSays.asm
                  sub_var   0x000078       data     static /Users/gabrielmiller/microchipProjects/midrangeAsm/SimonSays.X/SimonSays.asm



                              Symbols - Sorted by Address
                     Name    Address   Location    Storage File                     
                ---------  ---------  ---------  --------- ---------                
                    START   0x000003    program     static /Users/gabrielmiller/microchipProjects/midrangeAsm/SimonSays.X/SimonSays.asm
                  seq_clr   0x000018    program     static /Users/gabrielmiller/microchipProjects/midrangeAsm/SimonSays.X/SimonSays.asm
                main_loop   0x000027    program     static /Users/gabrielmiller/microchipProjects/midrangeAsm/SimonSays.X/SimonSays.asm
                  start_b   0x000028    program     static /Users/gabrielmiller/microchipProjects/midrangeAsm/SimonSays.X/SimonSays.asm
                     loop   0x00002a    program     static /Users/gabrielmiller/microchipProjects/midrangeAsm/SimonSays.X/SimonSays.asm
                    wrong   0x000036    program     static /Users/gabrielmiller/microchipProjects/midrangeAsm/SimonSays.X/SimonSays.asm
                  wrong_b   0x00003a    program     static /Users/gabrielmiller/microchipProjects/midrangeAsm/SimonSays.X/SimonSays.asm
               wrong_b_up   0x00003d    program     static /Users/gabrielmiller/microchipProjects/midrangeAsm/SimonSays.X/SimonSays.asm
                  add_seq   0x000040    program     static /Users/gabrielmiller/microchipProjects/midrangeAsm/SimonSays.X/SimonSays.asm
                     col2   0x000052    program     static /Users/gabrielmiller/microchipProjects/midrangeAsm/SimonSays.X/SimonSays.asm
                     col1   0x000054    program     static /Users/gabrielmiller/microchipProjects/midrangeAsm/SimonSays.X/SimonSays.asm
                     col0   0x000056    program     static /Users/gabrielmiller/microchipProjects/midrangeAsm/SimonSays.X/SimonSays.asm
                    row_m   0x00005f    program     static /Users/gabrielmiller/microchipProjects/midrangeAsm/SimonSays.X/SimonSays.asm
                row_m_end   0x000062    program     static /Users/gabrielmiller/microchipProjects/midrangeAsm/SimonSays.X/SimonSays.asm
                 inc_not0   0x00006b    program     static /Users/gabrielmiller/microchipProjects/midrangeAsm/SimonSays.X/SimonSays.asm
                    inc_0   0x00006c    program     static /Users/gabrielmiller/microchipProjects/midrangeAsm/SimonSays.X/SimonSays.asm
            display_light   0x00006d    program     static /Users/gabrielmiller/microchipProjects/midrangeAsm/SimonSays.X/SimonSays.asm
                  dis_red   0x00007e    program     static /Users/gabrielmiller/microchipProjects/midrangeAsm/SimonSays.X/SimonSays.asm
                 dis_blue   0x000081    program     static /Users/gabrielmiller/microchipProjects/midrangeAsm/SimonSays.X/SimonSays.asm
               dis_yellow   0x000084    program     static /Users/gabrielmiller/microchipProjects/midrangeAsm/SimonSays.X/SimonSays.asm
                dis_green   0x000087    program     static /Users/gabrielmiller/microchipProjects/midrangeAsm/SimonSays.X/SimonSays.asm
                  dis_end   0x000089    program     static /Users/gabrielmiller/microchipProjects/midrangeAsm/SimonSays.X/SimonSays.asm
           display_lights   0x00008a    program     static /Users/gabrielmiller/microchipProjects/midrangeAsm/SimonSays.X/SimonSays.asm
                    row_l   0x000092    program     static /Users/gabrielmiller/microchipProjects/midrangeAsm/SimonSays.X/SimonSays.asm
                   rowp_l   0x000096    program     static /Users/gabrielmiller/microchipProjects/midrangeAsm/SimonSays.X/SimonSays.asm
                  end_row   0x0000a6    program     static /Users/gabrielmiller/microchipProjects/midrangeAsm/SimonSays.X/SimonSays.asm
                    col_l   0x0000ae    program     static /Users/gabrielmiller/microchipProjects/midrangeAsm/SimonSays.X/SimonSays.asm
                  end_col   0x0000bb    program     static /Users/gabrielmiller/microchipProjects/midrangeAsm/SimonSays.X/SimonSays.asm
                user_test   0x0000bc    program     static /Users/gabrielmiller/microchipProjects/midrangeAsm/SimonSays.X/SimonSays.asm
                 row_l_ut   0x0000c4    program     static /Users/gabrielmiller/microchipProjects/midrangeAsm/SimonSays.X/SimonSays.asm
                rowp_l_ut   0x0000c8    program     static /Users/gabrielmiller/microchipProjects/midrangeAsm/SimonSays.X/SimonSays.asm
               end_row_ut   0x0000d5    program     static /Users/gabrielmiller/microchipProjects/midrangeAsm/SimonSays.X/SimonSays.asm
                 col_l_ut   0x0000dd    program     static /Users/gabrielmiller/microchipProjects/midrangeAsm/SimonSays.X/SimonSays.asm
               end_col_ut   0x0000e7    program     static /Users/gabrielmiller/microchipProjects/midrangeAsm/SimonSays.X/SimonSays.asm
                fail_test   0x0000e8    program     static /Users/gabrielmiller/microchipProjects/midrangeAsm/SimonSays.X/SimonSays.asm
               user_input   0x0000e9    program     static /Users/gabrielmiller/microchipProjects/midrangeAsm/SimonSays.X/SimonSays.asm
               timer_loop   0x0000ec    program     static /Users/gabrielmiller/microchipProjects/midrangeAsm/SimonSays.X/SimonSays.asm
              button_test   0x0000f7    program     static /Users/gabrielmiller/microchipProjects/midrangeAsm/SimonSays.X/SimonSays.asm
                    red_t   0x000101    program     static /Users/gabrielmiller/microchipProjects/midrangeAsm/SimonSays.X/SimonSays.asm
                   red_up   0x000105    program     static /Users/gabrielmiller/microchipProjects/midrangeAsm/SimonSays.X/SimonSays.asm
                   blue_t   0x00010a    program     static /Users/gabrielmiller/microchipProjects/midrangeAsm/SimonSays.X/SimonSays.asm
                  blue_up   0x00010e    program     static /Users/gabrielmiller/microchipProjects/midrangeAsm/SimonSays.X/SimonSays.asm
                 yellow_t   0x000113    program     static /Users/gabrielmiller/microchipProjects/midrangeAsm/SimonSays.X/SimonSays.asm
                yellow_up   0x000117    program     static /Users/gabrielmiller/microchipProjects/midrangeAsm/SimonSays.X/SimonSays.asm
                  green_t   0x00011c    program     static /Users/gabrielmiller/microchipProjects/midrangeAsm/SimonSays.X/SimonSays.asm
                 green_up   0x000120    program     static /Users/gabrielmiller/microchipProjects/midrangeAsm/SimonSays.X/SimonSays.asm
                     fail   0x000125    program     static /Users/gabrielmiller/microchipProjects/midrangeAsm/SimonSays.X/SimonSays.asm
                  delay10   0x000126    program     extern /Users/gabrielmiller/microchipProjects/midrangeAsm/SimonSays.X/delay10.asm
                     dly2   0x000127    program     static /Users/gabrielmiller/microchipProjects/midrangeAsm/SimonSays.X/delay10.asm
                     dly1   0x00012a    program     static /Users/gabrielmiller/microchipProjects/midrangeAsm/SimonSays.X/delay10.asm
                   seqmem   0x000020       data     static /Users/gabrielmiller/microchipProjects/midrangeAsm/SimonSays.X/SimonSays.asm
                   sm_row   0x000070       data     static /Users/gabrielmiller/microchipProjects/midrangeAsm/SimonSays.X/SimonSays.asm
                sm_column   0x000071       data     static /Users/gabrielmiller/microchipProjects/midrangeAsm/SimonSays.X/SimonSays.asm
                  counter   0x000072       data     static /Users/gabrielmiller/microchipProjects/midrangeAsm/SimonSays.X/SimonSays.asm
                 counter2   0x000073       data     static /Users/gabrielmiller/microchipProjects/midrangeAsm/SimonSays.X/SimonSays.asm
                     rand   0x000074       data     static /Users/gabrielmiller/microchipProjects/midrangeAsm/SimonSays.X/SimonSays.asm
             column_count   0x000075       data     static /Users/gabrielmiller/microchipProjects/midrangeAsm/SimonSays.X/SimonSays.asm
                row_count   0x000076       data     static /Users/gabrielmiller/microchipProjects/midrangeAsm/SimonSays.X/SimonSays.asm
                  rot_mem   0x000077       data     static /Users/gabrielmiller/microchipProjects/midrangeAsm/SimonSays.X/SimonSays.asm
                  sub_var   0x000078       data     static /Users/gabrielmiller/microchipProjects/midrangeAsm/SimonSays.X/SimonSays.asm
                  correct   0x000079       data     static /Users/gabrielmiller/microchipProjects/midrangeAsm/SimonSays.X/SimonSays.asm
                      dc1   0x00007a       data     static /Users/gabrielmiller/microchipProjects/midrangeAsm/SimonSays.X/delay10.asm
                      dc2   0x00007b       data     static /Users/gabrielmiller/microchipProjects/midrangeAsm/SimonSays.X/delay10.asm
                      dc3   0x00007c       data     static /Users/gabrielmiller/microchipProjects/midrangeAsm/SimonSays.X/delay10.asm


